[    0.000000] Linux version 4.15.0-58-generic (buildd@lcy01-amd64-013) (gcc version 7.4.0 (Ubuntu 7.4.0-1ubuntu1~18.04.1)) #64-Ubuntu SMP Tue Aug 6 11:12:41 UTC 2019 (Ubuntu 4.15.0-58.64-generic 4.15.18)
[    0.000000] Command line: BOOT_IMAGE=/boot/vmlinuz-4.15.0-58-generic root=LABEL=cloudimg-rootfs ro console=tty1 console=ttyS0
[    0.000000] KERNEL supported cpus:
[    0.000000]   Intel GenuineIntel
[    0.000000]   AMD AuthenticAMD
[    0.000000]   Centaur CentaurHauls
[    0.000000] x86/fpu: Supporting XSAVE feature 0x001: 'x87 floating point registers'
[    0.000000] x86/fpu: Supporting XSAVE feature 0x002: 'SSE registers'
[    0.000000] x86/fpu: Supporting XSAVE feature 0x004: 'AVX registers'
[    0.000000] x86/fpu: xstate_offset[2]:  576, xstate_sizes[2]:  256
[    0.000000] x86/fpu: Enabled xstate features 0x7, context size is 832 bytes, using 'standard' format.
[    0.000000] e820: BIOS-provided physical RAM map:
[    0.000000] BIOS-e820: [mem 0x0000000000000000-0x000000000009fbff] usable
[    0.000000] BIOS-e820: [mem 0x000000000009fc00-0x000000000009ffff] reserved
[    0.000000] BIOS-e820: [mem 0x00000000000f0000-0x00000000000fffff] reserved
[    0.000000] BIOS-e820: [mem 0x0000000000100000-0x000000007ffeffff] usable
[    0.000000] BIOS-e820: [mem 0x000000007fff0000-0x000000007fffffff] ACPI data
[    0.000000] BIOS-e820: [mem 0x00000000fec00000-0x00000000fec00fff] reserved
[    0.000000] BIOS-e820: [mem 0x00000000fee00000-0x00000000fee00fff] reserved
[    0.000000] BIOS-e820: [mem 0x00000000fffc0000-0x00000000ffffffff] reserved
[    0.000000] NX (Execute Disable) protection: active
[    0.000000] SMBIOS 2.5 present.
[    0.000000] DMI: innotek GmbH VirtualBox/VirtualBox, BIOS VirtualBox 12/01/2006
[    0.000000] Hypervisor detected: KVM
[    0.000000] e820: last_pfn = 0x7fff0 max_arch_pfn = 0x400000000
[    0.000000] MTRR: Disabled
[    0.000000] x86/PAT: MTRRs disabled, skipping PAT initialization too.
[    0.000000] CPU MTRRs all blank - virtualized system.
[    0.000000] x86/PAT: Configuration [0-7]: WB  WT  UC- UC  WB  WT  UC- UC  
[    0.000000] found SMP MP-table at [mem 0x0009fff0-0x0009ffff] mapped at [        (ptrval)]
[    0.000000] Scanning 1 areas for low memory corruption
[    0.000000] RAMDISK: [mem 0x35a8f000-0x36d3efff]
[    0.000000] ACPI: Early table checksum verification disabled
[    0.000000] ACPI: RSDP 0x00000000000E0000 000024 (v02 VBOX  )
[    0.000000] ACPI: XSDT 0x000000007FFF0030 00003C (v01 VBOX   VBOXXSDT 00000001 ASL  00000061)
[    0.000000] ACPI: FACP 0x000000007FFF00F0 0000F4 (v04 VBOX   VBOXFACP 00000001 ASL  00000061)
[    0.000000] ACPI: DSDT 0x000000007FFF0470 0022EA (v02 VBOX   VBOXBIOS 00000002 INTL 20100528)
[    0.000000] ACPI: FACS 0x000000007FFF0200 000040
[    0.000000] ACPI: FACS 0x000000007FFF0200 000040
[    0.000000] ACPI: APIC 0x000000007FFF0240 00005C (v02 VBOX   VBOXAPIC 00000001 ASL  00000061)
[    0.000000] ACPI: SSDT 0x000000007FFF02A0 0001CC (v01 VBOX   VBOXCPUT 00000002 INTL 20100528)
[    0.000000] No NUMA configuration found
[    0.000000] Faking a node at [mem 0x0000000000000000-0x000000007ffeffff]
[    0.000000] NODE_DATA(0) allocated [mem 0x7ffc5000-0x7ffeffff]
[    0.000000] kvm-clock: cpu 0, msr 0:7ff44001, primary cpu clock
[    0.000000] kvm-clock: Using msrs 4b564d01 and 4b564d00
[    0.000000] kvm-clock: using sched offset of 4091117539 cycles
[    0.000000] clocksource: kvm-clock: mask: 0xffffffffffffffff max_cycles: 0x1cd42e4dffb, max_idle_ns: 881590591483 ns
[    0.000000] Zone ranges:
[    0.000000]   DMA      [mem 0x0000000000001000-0x0000000000ffffff]
[    0.000000]   DMA32    [mem 0x0000000001000000-0x000000007ffeffff]
[    0.000000]   Normal   empty
[    0.000000]   Device   empty
[    0.000000] Movable zone start for each node
[    0.000000] Early memory node ranges
[    0.000000]   node   0: [mem 0x0000000000001000-0x000000000009efff]
[    0.000000]   node   0: [mem 0x0000000000100000-0x000000007ffeffff]
[    0.000000] Reserved but unavailable: 98 pages
[    0.000000] Initmem setup node 0 [mem 0x0000000000001000-0x000000007ffeffff]
[    0.000000] ACPI: PM-Timer IO Port: 0x4008
[    0.000000] IOAPIC[0]: apic_id 2, version 32, address 0xfec00000, GSI 0-23
[    0.000000] ACPI: INT_SRC_OVR (bus 0 bus_irq 0 global_irq 2 dfl dfl)
[    0.000000] ACPI: INT_SRC_OVR (bus 0 bus_irq 9 global_irq 9 low level)
[    0.000000] Using ACPI (MADT) for SMP configuration information
[    0.000000] smpboot: Allowing 2 CPUs, 0 hotplug CPUs
[    0.000000] PM: Registered nosave memory: [mem 0x00000000-0x00000fff]
[    0.000000] PM: Registered nosave memory: [mem 0x0009f000-0x0009ffff]
[    0.000000] PM: Registered nosave memory: [mem 0x000a0000-0x000effff]
[    0.000000] PM: Registered nosave memory: [mem 0x000f0000-0x000fffff]
[    0.000000] e820: [mem 0x80000000-0xfebfffff] available for PCI devices
[    0.000000] Booting paravirtualized kernel on KVM
[    0.000000] clocksource: refined-jiffies: mask: 0xffffffff max_cycles: 0xffffffff, max_idle_ns: 7645519600211568 ns
[    0.000000] random: get_random_bytes called from start_kernel+0x99/0x4fd with crng_init=0
[    0.000000] setup_percpu: NR_CPUS:8192 nr_cpumask_bits:2 nr_cpu_ids:2 nr_node_ids:1
[    0.000000] percpu: Embedded 46 pages/cpu @        (ptrval) s151552 r8192 d28672 u1048576
[    0.000000] PV qspinlock hash table entries: 256 (order: 0, 4096 bytes)
[    0.000000] Built 1 zonelists, mobility grouping on.  Total pages: 515961
[    0.000000] Policy zone: DMA32
[    0.000000] Kernel command line: BOOT_IMAGE=/boot/vmlinuz-4.15.0-58-generic root=LABEL=cloudimg-rootfs ro console=tty1 console=ttyS0
[    0.000000] Memory: 2015652K/2096696K available (12300K kernel code, 2478K rwdata, 4280K rodata, 2424K init, 2384K bss, 81044K reserved, 0K cma-reserved)
[    0.000000] SLUB: HWalign=64, Order=0-3, MinObjects=0, CPUs=2, Nodes=1
[    0.000000] Kernel/User page tables isolation: enabled
[    0.000000] ftrace: allocating 39243 entries in 154 pages
[    0.004000] Hierarchical RCU implementation.
[    0.004000] 	RCU restricting CPUs from NR_CPUS=8192 to nr_cpu_ids=2.
[    0.004000] 	Tasks RCU enabled.
[    0.004000] RCU: Adjusting geometry for rcu_fanout_leaf=16, nr_cpu_ids=2
[    0.004000] NR_IRQS: 524544, nr_irqs: 440, preallocated irqs: 16
[    0.004000] Console: colour VGA+ 80x25
[    0.004000] console [tty1] enabled
[    0.004000] console [ttyS0] enabled
[    0.004000] ACPI: Core revision 20170831
[    0.004000] ACPI: 2 ACPI AML tables successfully acquired and loaded
[    0.004000] APIC: Switch to symmetric I/O mode setup
[    0.004000] x2apic enabled
[    0.004000] Switched APIC routing to physical x2apic.
[    0.004000] ..TIMER: vector=0x30 apic1=0 pin1=2 apic2=-1 pin2=-1
[    0.004004] tsc: Detected 2592.002 MHz processor
[    0.004948] Calibrating delay loop (skipped) preset value.. 5184.00 BogoMIPS (lpj=10368008)
[    0.005489] pid_max: default: 32768 minimum: 301
[    0.008064] Security Framework initialized
[    0.008788] Yama: becoming mindful.
[    0.009420] AppArmor: AppArmor initialized
[    0.012000] Dentry cache hash table entries: 262144 (order: 9, 2097152 bytes)
[    0.016045] Inode-cache hash table entries: 131072 (order: 8, 1048576 bytes)
[    0.017127] Mount-cache hash table entries: 4096 (order: 3, 32768 bytes)
[    0.018152] Mountpoint-cache hash table entries: 4096 (order: 3, 32768 bytes)
[    0.020289] mce: CPU supports 0 MCE banks
[    0.021045] Last level iTLB entries: 4KB 64, 2MB 8, 4MB 8
[    0.021904] Last level dTLB entries: 4KB 64, 2MB 0, 4MB 0, 1GB 4
[    0.022834] Spectre V1 : Mitigation: usercopy/swapgs barriers and __user pointer sanitization
[    0.024003] Spectre V2 : Mitigation: Full generic retpoline
[    0.024861] Spectre V2 : Spectre v2 / SpectreRSB mitigation: Filling RSB on context switch
[    0.026171] Speculative Store Bypass: Vulnerable
[    0.026966] MDS: Vulnerable: Clear CPU buffers attempted, no microcode
[    0.028115] Freeing SMP alternatives memory: 36K
[    0.032000] APIC calibration not consistent with PM-Timer: 98ms instead of 100ms
[    0.032000] APIC delta adjusted to PM-Timer: 6243277 (6154866)
[    0.032000] smpboot: CPU0: Intel(R) Core(TM) i7-9750H CPU @ 2.60GHz (family: 0x6, model: 0x9e, stepping: 0xa)
[    0.032000] Performance Events: unsupported p6 CPU model 158 no PMU driver, software events only.
[    0.032000] Hierarchical SRCU implementation.
[    0.032412] NMI watchdog: Perf event create on CPU 0 failed with -2
[    0.033455] NMI watchdog: Perf NMI watchdog permanently disabled
[    0.034568] smp: Bringing up secondary CPUs ...
[    0.035493] x86: Booting SMP configuration:
[    0.036002] .... node  #0, CPUs:      #1
[    0.004000] kvm-clock: cpu 1, msr 0:7ff44041, secondary cpu clock
[    0.004000] mce: CPU supports 0 MCE banks
[    0.040021] smp: Brought up 1 node, 2 CPUs
[    0.040942] smpboot: Max logical packages: 1
[    0.041708] smpboot: Total of 2 processors activated (10368.00 BogoMIPS)
[    0.044008] devtmpfs: initialized
[    0.044661] x86/mm: Memory block size: 128MB
[    0.045683] evm: security.selinux
[    0.046303] evm: security.SMACK64
[    0.046924] evm: security.SMACK64EXEC
[    0.047609] evm: security.SMACK64TRANSMUTE
[    0.048003] evm: security.SMACK64MMAP
[    0.048744] evm: security.apparmor
[    0.049364] evm: security.ima
[    0.049930] evm: security.capability
[    0.050642] clocksource: jiffies: mask: 0xffffffff max_cycles: 0xffffffff, max_idle_ns: 7645041785100000 ns
[    0.052007] futex hash table entries: 512 (order: 3, 32768 bytes)
[    0.053096] pinctrl core: initialized pinctrl subsystem
[    0.054112] RTC time:  9:15:10, date: 10/03/19
[    0.056337] NET: Registered protocol family 16
[    0.057190] audit: initializing netlink subsys (disabled)
[    0.058234] audit: type=2000 audit(1570094115.758:1): state=initialized audit_enabled=0 res=1
[    0.060009] cpuidle: using governor ladder
[    0.060768] cpuidle: using governor menu
[    0.061667] ACPI: bus type PCI registered
[    0.062513] acpiphp: ACPI Hot Plug PCI Controller Driver version: 0.5
[    0.063654] PCI: Using configuration type 1 for base access
[    0.068040] HugeTLB registered 2.00 MiB page size, pre-allocated 0 pages
[    0.069467] ACPI: Added _OSI(Module Device)
[    0.069467] ACPI: Added _OSI(Processor Device)
[    0.069701] ACPI: Added _OSI(3.0 _SCP Extensions)
[    0.072003] ACPI: Added _OSI(Processor Aggregator Device)
[    0.073016] ACPI: Added _OSI(Linux-Dell-Video)
[    0.073796] ACPI: Added _OSI(Linux-Lenovo-NV-HDMI-Audio)
[    0.074747] ACPI: Added _OSI(Linux-HPI-Hybrid-Graphics)
[    0.076288] ACPI: Executed 1 blocks of module-level executable AML code
[    0.081555] ACPI: Interpreter enabled
[    0.082249] ACPI: (supports S0 S5)
[    0.082892] ACPI: Using IOAPIC for interrupt routing
[    0.084000] PCI: Using host bridge windows from ACPI; if necessary, use "pci=nocrs" and report a bug
[    0.084167] ACPI: Enabled 2 GPEs in block 00 to 07
[    0.092488] ACPI: PCI Root Bridge [PCI0] (domain 0000 [bus 00-ff])
[    0.093593] acpi PNP0A03:00: _OSC: OS supports [ASPM ClockPM Segments MSI]
[    0.095267] acpi PNP0A03:00: _OSC: not requesting OS control; OS requires [ExtendedConfig ASPM ClockPM MSI]
[    0.096013] acpi PNP0A03:00: fail to add MMCONFIG information, can't access extended PCI configuration space under this bridge.
[    0.098261] PCI host bridge to bus 0000:00
[    0.100004] pci_bus 0000:00: root bus resource [io  0x0000-0x0cf7 window]
[    0.101198] pci_bus 0000:00: root bus resource [io  0x0d00-0xffff window]
[    0.102419] pci_bus 0000:00: root bus resource [mem 0x000a0000-0x000bffff window]
[    0.104004] pci_bus 0000:00: root bus resource [mem 0x80000000-0xfdffffff window]
[    0.106270] pci_bus 0000:00: root bus resource [bus 00-ff]
[    0.109199] pci 0000:00:01.1: legacy IDE quirk: reg 0x10: [io  0x01f0-0x01f7]
[    0.110645] pci 0000:00:01.1: legacy IDE quirk: reg 0x14: [io  0x03f6]
[    0.111870] pci 0000:00:01.1: legacy IDE quirk: reg 0x18: [io  0x0170-0x0177]
[    0.112003] pci 0000:00:01.1: legacy IDE quirk: reg 0x1c: [io  0x0376]
[    0.136157] pci 0000:00:07.0: quirk: [io  0x4000-0x403f] claimed by PIIX4 ACPI
[    0.137746] pci 0000:00:07.0: quirk: [io  0x4100-0x410f] claimed by PIIX4 SMB
[    0.149864] ACPI: PCI Interrupt Link [LNKA] (IRQs 5 9 10 *11)
[    0.151235] ACPI: PCI Interrupt Link [LNKB] (IRQs 5 9 *10 11)
[    0.152121] ACPI: PCI Interrupt Link [LNKC] (IRQs 5 *9 10 11)
[    0.153248] ACPI: PCI Interrupt Link [LNKD] (IRQs 5 9 10 *11)
[    0.154638] SCSI subsystem initialized
[    0.156051] pci 0000:00:02.0: vgaarb: setting as boot VGA device
[    0.157237] pci 0000:00:02.0: vgaarb: VGA device added: decodes=io+mem,owns=io+mem,locks=none
[    0.158784] pci 0000:00:02.0: vgaarb: bridge control possible
[    0.160008] vgaarb: loaded
[    0.160713] ACPI: bus type USB registered
[    0.161454] usbcore: registered new interface driver usbfs
[    0.162374] usbcore: registered new interface driver hub
[    0.163282] usbcore: registered new device driver usb
[    0.164048] EDAC MC: Ver: 3.0.0
[    0.164885] PCI: Using ACPI for IRQ routing
[    0.165084] NetLabel: Initializing
[    0.165773] NetLabel:  domain hash size = 128
[    0.168003] NetLabel:  protocols = UNLABELED CIPSOv4 CALIPSO
[    0.168978] NetLabel:  unlabeled traffic allowed by default
[    0.169956] clocksource: Switched to clocksource kvm-clock
[    0.184570] VFS: Disk quotas dquot_6.6.0
[    0.185306] VFS: Dquot-cache hash table entries: 512 (order 0, 4096 bytes)
[    0.186513] AppArmor: AppArmor Filesystem Enabled
[    0.187465] pnp: PnP ACPI init
[    0.189058] pnp: PnP ACPI: found 3 devices
[    0.200452] clocksource: acpi_pm: mask: 0xffffff max_cycles: 0xffffff, max_idle_ns: 2085701024 ns
[    0.202017] NET: Registered protocol family 2
[    0.203096] TCP established hash table entries: 16384 (order: 5, 131072 bytes)
[    0.204360] TCP bind hash table entries: 16384 (order: 6, 262144 bytes)
[    0.207934] TCP: Hash tables configured (established 16384 bind 16384)
[    0.209034] UDP hash table entries: 1024 (order: 3, 32768 bytes)
[    0.210031] UDP-Lite hash table entries: 1024 (order: 3, 32768 bytes)
[    0.211216] NET: Registered protocol family 1
[    0.212163] pci 0000:00:00.0: Limiting direct PCI/PCI transfers
[    0.213211] pci 0000:00:01.0: Activating ISA DMA hang workarounds
[    0.214278] pci 0000:00:02.0: Video device with shadowed ROM at [mem 0x000c0000-0x000dffff]
[    0.215778] Unpacking initramfs...
[    0.476719] Freeing initrd memory: 19136K
[    0.477515] clocksource: tsc: mask: 0xffffffffffffffff max_cycles: 0x255cb8d7d74, max_idle_ns: 440795265546 ns
[    0.479178] platform rtc_cmos: registered platform RTC device (no PNP device found)
[    0.480516] Scanning for low memory corruption every 60 seconds
[    0.482308] Initialise system trusted keyrings
[    0.483139] Key type blacklist registered
[    0.484104] workingset: timestamp_bits=36 max_order=19 bucket_order=0
[    0.486117] zbud: loaded
[    0.487164] squashfs: version 4.0 (2009/01/31) Phillip Lougher
[    0.488446] fuse init (API version 7.26)
[    0.496881] Key type asymmetric registered
[    0.497626] Asymmetric key parser 'x509' registered
[    0.498501] Block layer SCSI generic (bsg) driver version 0.4 loaded (major 246)
[    0.499866] io scheduler noop registered
[    0.500668] io scheduler deadline registered
[    0.501436] io scheduler cfq registered (default)
[    0.502567] ACPI: AC Adapter [AC] (on-line)
[    0.503392] input: Power Button as /devices/LNXSYSTM:00/LNXPWRBN:00/input/input0
[    0.504984] ACPI: Power Button [PWRF]
[    0.505728] input: Sleep Button as /devices/LNXSYSTM:00/LNXSLPBN:00/input/input1
[    0.507006] ACPI: Sleep Button [SLPF]
[    0.511119] ACPI: Battery Slot [BAT0] (battery present)
[    0.512278] Serial: 8250/16550 driver, 32 ports, IRQ sharing enabled
[    0.534092] 00:02: ttyS0 at I/O 0x3f8 (irq = 4, base_baud = 115200) is a 16550A
[    0.540094] Linux agpgart interface v0.103
[    0.542198] loop: module loaded
[    0.543460] scsi host0: ata_piix
[    0.544251] scsi host1: ata_piix
[    0.544904] ata1: PATA max UDMA/33 cmd 0x1f0 ctl 0x3f6 bmdma 0xd000 irq 14
[    0.546031] ata2: PATA max UDMA/33 cmd 0x170 ctl 0x376 bmdma 0xd008 irq 15
[    0.547294] libphy: Fixed MDIO Bus: probed
[    0.548121] tun: Universal TUN/TAP device driver, 1.6
[    0.549136] PPP generic driver version 2.4.2
[    0.550131] ehci_hcd: USB 2.0 'Enhanced' Host Controller (EHCI) Driver
[    0.551210] ehci-pci: EHCI PCI platform driver
[    0.552104] ehci-platform: EHCI generic platform driver
[    0.553035] ohci_hcd: USB 1.1 'Open' Host Controller (OHCI) Driver
[    0.554092] ohci-pci: OHCI PCI platform driver
[    0.554979] ohci-platform: OHCI generic platform driver
[    0.556054] uhci_hcd: USB Universal Host Controller Interface driver
[    0.557163] i8042: PNP: PS/2 Controller [PNP0303:PS2K,PNP0f03:PS2M] at 0x60,0x64 irq 1,12
[    0.559018] serio: i8042 KBD port at 0x60,0x64 irq 1
[    0.559893] serio: i8042 AUX port at 0x60,0x64 irq 12
[    0.561082] mousedev: PS/2 mouse device common for all mice
[    0.562785] input: AT Translated Set 2 keyboard as /devices/platform/i8042/serio0/input/input2
[    0.564259] rtc_cmos rtc_cmos: rtc core: registered rtc_cmos as rtc0
[    0.565448] rtc_cmos rtc_cmos: alarms up to one day, 114 bytes nvram
[    0.566603] i2c /dev entries driver
[    0.567311] device-mapper: uevent: version 1.0.3
[    0.568308] device-mapper: ioctl: 4.37.0-ioctl (2017-09-20) initialised: dm-devel@redhat.com
[    0.569818] ledtrig-cpu: registered to indicate activity on CPUs
[    0.571750] NET: Registered protocol family 10
[    0.576536] Segment Routing with IPv6
[    0.577240] NET: Registered protocol family 17
[    0.578151] Key type dns_resolver registered
[    0.579246] RAS: Correctable Errors collector initialized.
[    0.580222] sched_clock: Marking stable (579211657, 0)->(875060988, -295849331)
[    0.582255] registered taskstats version 1
[    0.582990] Loading compiled-in X.509 certificates
[    0.586006] Loaded X.509 cert 'Build time autogenerated kernel key: e343dd3e31c9820cf0adf0156bc2eecdcfc394af'
[    0.587765] zswap: loaded using pool lzo/zbud
[    0.591354] Key type big_key registered
[    0.592056] Key type trusted registered
[    0.594014] Key type encrypted registered
[    0.594731] AppArmor: AppArmor sha1 policy hashing enabled
[    0.595646] ima: No TPM chip found, activating TPM-bypass! (rc=-19)
[    0.596775] ima: Allocated hash algorithm: sha1
[    0.597592] evm: HMAC attrs: 0x1
[    0.598488]   Magic number: 7:920:271
[    0.599297] rtc_cmos rtc_cmos: setting system clock to 2019-10-03 09:15:10 UTC (1570094110)
[    0.600927] BIOS EDD facility v0.16 2004-Jun-25, 0 devices found
[    0.601937] EDD information not available.
[    0.710025] Freeing unused kernel image memory: 2424K
[    0.731678] Write protecting the kernel read-only data: 20480k
[    0.733734] Freeing unused kernel image memory: 2008K
[    0.734980] Freeing unused kernel image memory: 1864K
[    0.742427] x86/mm: Checked W+X mappings: passed, no W+X pages found.
[    0.743490] x86/mm: Checking user space page tables
[    0.750671] x86/mm: Checked W+X mappings: passed, no W+X pages found.
Loading, please wait...
starting version 237
[    0.813887] Fusion MPT base driver 3.04.20
[    0.814677] Copyright (c) 1999-2008 LSI Corporation
[    0.830312] e1000: Intel(R) PRO/1000 Network Driver - version 7.3.21-k8-NAPI
[    0.831599] e1000: Copyright (c) 1999-2006 Intel Corporation.
[    0.844322] Fusion MPT SPI Host driver 3.04.20
[    0.846310] AVX2 version of gcm_enc/dec engaged.
[    0.847150] AES CTR mode by8 optimization enabled
[    1.040266] input: ImExPS/2 Generic Explorer Mouse as /devices/platform/i8042/serio1/input/input4
[    1.227339] e1000 0000:00:03.0 eth0: (PCI:33MHz:32-bit) 02:cc:50:df:d9:b9
[    1.228486] e1000 0000:00:03.0 eth0: Intel(R) PRO/1000 Network Connection
[    1.230463] mptbase: ioc0: Initiating bringup
[    1.231095] e1000 0000:00:03.0 enp0s3: renamed from eth0
[    1.476038] ioc0: LSI53C1030 A0: Capabilities={Initiator}
[    2.528450] scsi host2: ioc0: LSI53C1030 A0, FwRev=00000000h, Ports=1, MaxQ=256, IRQ=20
[    3.293192] scsi 2:0:0:0: Direct-Access     VBOX     HARDDISK         1.0  PQ: 0 ANSI: 5
[    3.587034] scsi target2:0:0: Beginning Domain Validation
[    3.589409] scsi target2:0:0: Domain Validation skipping write tests
[    3.590476] scsi target2:0:0: Ending Domain Validation
[    3.591475] scsi target2:0:0: asynchronous
[    3.593079] scsi 2:0:1:0: Direct-Access     VBOX     HARDDISK         1.0  PQ: 0 ANSI: 5
[    4.015408] scsi target2:0:1: Beginning Domain Validation
[    4.018501] random: fast init done
[    4.019339] scsi target2:0:1: Domain Validation skipping write tests
[    4.020410] scsi target2:0:1: Ending Domain Validation
[    4.021344] scsi target2:0:1: asynchronous
[    4.027652] random: systemd-udevd: uninitialized urandom read (16 bytes read)
[    4.028890] random: systemd-udevd: uninitialized urandom read (16 bytes read)
[    4.030087] random: systemd-udevd: uninitialized urandom read (16 bytes read)
[    4.031609] sd 2:0:0:0: Attached scsi generic sg0 type 0
[    4.032997] sd 2:0:0:0: [sda] 20971520 512-byte logical blocks: (10.7 GB/10.0 GiB)
[    4.034732] sd 2:0:0:0: [sda] Write Protect is off
[    4.034762] sd 2:0:1:0: Attached scsi generic sg1 type 0
[    4.037413] sd 2:0:1:0: [sdb] 20480 512-byte logical blocks: (10.5 MB/10.0 MiB)
[    4.039570] sd 2:0:0:0: [sda] Incomplete mode parameter data
[    4.040582] sd 2:0:0:0: [sda] Assuming drive cache: write through
[    4.041549] sd 2:0:1:0: [sdb] Write Protect is off
[    4.042718] sd 2:0:1:0: [sdb] Incomplete mode parameter data
[    4.043654] sd 2:0:1:0: [sdb] Assuming drive cache: write through
[    4.046799]  sda: sda1
[    4.048510] sd 2:0:0:0: [sda] Attached SCSI disk
[    4.050103] sd 2:0:1:0: [sdb] Attached SCSI disk
Begin: Loading essential drivers ... [    5.588455] raid6: sse2x1   gen() 13020 MB/s
[    5.636313] raid6: sse2x1   xor() 10044 MB/s
[    5.684132] raid6: sse2x2   gen() 16637 MB/s
[    5.732466] raid6: sse2x2   xor() 11359 MB/s
[    5.780286] raid6: sse2x4   gen() 18966 MB/s
[    5.828626] raid6: sse2x4   xor() 11089 MB/s
[    5.876404] raid6: avx2x1   gen() 22270 MB/s
[    5.924231] raid6: avx2x1   xor() 18255 MB/s
[    5.972044] raid6: avx2x2   gen() 31375 MB/s
[    6.020068] raid6: avx2x2   xor() 20499 MB/s
[    6.068155] raid6: avx2x4   gen() 35654 MB/s
[    6.116506] raid6: avx2x4   xor() 21318 MB/s
[    6.117327] raid6: using algorithm avx2x4 gen() 35654 MB/s
[    6.118259] raid6: .... xor() 21318 MB/s, rmw enabled
[    6.119137] raid6: using avx2x2 recovery algorithm
[    6.120855] xor: automatically using best checksumming function   avx       
[    6.122732] async_tx: api initialized (async)
done.
Begin: Running /scripts/init-premount ... done.
Begin: Mounting root file system ... Begin: Running /scripts/local-top ... done.
Begin: Running /scripts/local-premount ... [    6.157752] Btrfs loaded, crc32c=crc32c-intel
Scanning for Btrfs filesystems
done.
Warning: fsck not present, so skipping root file system
[    6.198825] EXT4-fs (sda1): mounted filesystem with ordered data mode. Opts: (null)
done.
Begin: Running /scripts/local-bottom ... done.
Begin: Running /scripts/init-bottom ... done.
[    6.352327] ip_tables: (C) 2000-2006 Netfilter Core Team
[    6.359268] systemd[1]: systemd 237 running in system mode. (+PAM +AUDIT +SELINUX +IMA +APPARMOR +SMACK +SYSVINIT +UTMP +LIBCRYPTSETUP +GCRYPT +GNUTLS +ACL +XZ +LZ4 +SECCOMP +BLKID +ELFUTILS +KMOD -IDN2 +IDN -PCRE2 default-hierarchy=hybrid)
[    6.362724] systemd[1]: Detected virtualization oracle.
[    6.363740] systemd[1]: Detected architecture x86-64.

Welcome to [1mUbuntu 18.04.3 LTS[0m!

[    6.368911] systemd[1]: Set hostname to <ubuntu>.
[    6.372849] systemd[1]: Initializing machine ID from random generator.
[    6.373961] systemd[1]: Installed transient /etc/machine-id file.
[    6.635136] systemd[1]: Reached target System Time Synchronized.
[[0;32m  OK  [0m] Reached target System Time Synchronized.
[    6.636859] systemd[1]: Set up automount Arbitrary Executable File Formats File System Automount Point.
[[0;32m  OK  [0m] Set up automount Arbitrary Executabâ€¦rmats File System Automount Point.
[    6.648108] systemd[1]: Reached target Swap.
[[0;32m  OK  [0m] Reached target Swap.
[    6.660753] systemd[1]: Reached target User and Group Name Lookups.
[[0;32m  OK  [0m] Reached target User and Group Name Lookups.
[[0;32m  OK  [0m] Created slice User and Session Slice.
[[0;32m  OK  [0m] Started Forward Password Requests to Wall Directory Watch.
[[0;32m  OK  [0m] Created slice System Slice.
[[0;32m  OK  [0m] Listening on udev Kernel Socket.
[[0;32m  OK  [0m] Reached target Slices.
[[0;32m  OK  [0m] Listening on LVM2 metadata daemon socket.
[[0;32m  OK  [0m] Listening on /dev/initctl Compatibility Named Pipe.
[[0;32m  OK  [0m] Listening on Device-mapper event daemon FIFOs.
[[0;32m  OK  [0m] Listening on udev Control Socket.
[[0;32m  OK  [0m] Listening on Journal Socket (/dev/log).
[[0;32m  OK  [0m] Listening on Network Service Netlink Socket.
[[0;32m  OK  [0m] Listening on Journal Socket.
         Mounting Kernel Debug File System...
         Mounting POSIX Message Queue File System...
         Starting Load Kernel Modules...
[[0;32m  OK  [0m] Listening on Journal Audit Socket.
[[0;32m  OK  [0m] Listening on LVM2 poll daemon socket.
[    6.761289] Loading iSCSI transport class v2.0-870.
[    6.766924] iscsi: registered transport (tcp)
[[0;32m  OK  [0m] Created slice system-serial\x2dgetty.slice.
         Starting Monitoring of LVM2 mirrorsâ€¦ng dmeventd or progress polling...
         Starting udev Coldplug all Devices...
         Starting Set the console keyboard layout...
[[0;32m  OK  [0m] Listening on Syslog Socket.
[    6.782880] iscsi: registered transport (iser)
         Starting Journal Service...
         Starting Remount Root and Kernel File Systems...
         Starting Uncomplicated firewall...
         Mounting Huge Pages File System...
         Starting Create list of required stâ€¦ce nodes for the current kernel...
[[0;32m  OK  [0m] Mounted Kernel Debug File System.
[[0;32m  OK  [0m] Mounted POSIX Message Queue File System.
[[0;32m  OK  [0m] Started Load Kernel Modules.
[[0;32m  OK  [0m] Mounted Huge Pages File System.
[    6.853711] EXT4-fs (sda1): re-mounted. Opts: (null)
[[0;32m  OK  [0m] Started Remount Root and Kernel File Systems.
[[0;32m  OK  [0m] Started LVM2 metadata daemon.
         Starting Load/Save Random Seed...
         Starting Apply Kernel Variables...
         Mounting Kernel Configuration File System...
         Mounting FUSE Control File System...
[[0;32m  OK  [0m] Started Journal Service.
[[0;32m  OK  [0m] Started Monitoring of LVM2 mirrors,â€¦sing dmeventd or progress polling.
[[0;32m  OK  [0m] Started Uncomplicated firewall.
[[0;32m  OK  [0m] Started Create list of required staâ€¦vice nodes for the current kernel.
[[0;32m  OK  [0m] Started udev Coldplug all Devices.
[[0;32m  OK  [0m] Started Load/Save Random Seed.
[[0;32m  OK  [0m] Mounted Kernel Configuration File System.
[[0;32m  OK  [0m] Mounted FUSE Control File System.
         Starting Create Static Device Nodes in /dev...
         Starting Flush Journal to Persistent Storage...
[[0;32m  OK  [0m] Started Create Static Device Nodes in /dev.
[[0;32m  OK  [0m] Started Apply Kernel Variables.
         Starting udev Kernel Device Manager...
[[0;32m  OK  [0m] Started udev Kernel Device Manager.
[[0;32m  OK  [0m] Started Flush Journal to Persistent Storage.
[[0;32m  OK  [0m] Found device /dev/ttyS0.
[[0;32m  OK  [0m] Listening on Load/Save RF Kill Switch Status /dev/rfkill Watch.
[[0;32m  OK  [0m] Started Set the console keyboard layout.
[[0;32m  OK  [0m] Reached target Local File Systems (Pre).
[[0;32m  OK  [0m] Reached target Local File Systems.
         Starting AppArmor initialization...
         Starting ebtables ruleset management...
         Starting Commit a transient machine-id on disk...
         Starting Set console font and keymap...
         Starting Create Volatile Files and Directories...
         Starting Tell Plymouth To Write Out Runtime Data...
[[0;32m  OK  [0m] Started Dispatch Password Requests to Console Directory Watch.
[[0;32m  OK  [0m] Reached target Local Encrypted Volumes.
[[0;32m  OK  [0m] Started Set console font and keymap.
[[0;32m  OK  [0m] Started Create Volatile Files and Directories.
[[0;32m  OK  [0m] Started Tell Plymouth To Write Out Runtime Data.
         Starting Update UTMP about System Boot/Shutdown...
[[0;32m  OK  [0m] Started Update UTMP about System Boot/Shutdown.
[[0;32m  OK  [0m] Started Commit a transient machine-id on disk.
[[0;32m  OK  [0m] Started ebtables ruleset management.
[[0;32m  OK  [0m] Started AppArmor initialization.
         Starting Initial cloud-init job (pre-networking)...
[   10.251251] cloud-init[670]: Cloud-init v. 19.1-1-gbaa47854-0ubuntu1~18.04.1 running 'init-local' at Thu, 03 Oct 2019 09:15:19 +0000. Up 9.87 seconds.
[[0;32m  OK  [0m] Started Initial cloud-init job (pre-networking).
[[0;32m  OK  [0m] Reached target Network (Pre).
         Starting Network Service...
[[0;32m  OK  [0m] Started Network Service.
         Starting Network Name Resolution...
         Starting Wait for Network to be Configured...
[[0;32m  OK  [0m] Started Network Name Resolution.
[[0;32m  OK  [0m] Reached target Host and Network Name Lookups.
[[0;32m  OK  [0m] Reached target Network.
[[0;32m  OK  [0m] Started Wait for Network to be Configured.
         Starting Initial cloud-init job (metadata service crawler)...
[   12.158481] cloud-init[787]: Cloud-init v. 19.1-1-gbaa47854-0ubuntu1~18.04.1 running 'init' at Thu, 03 Oct 2019 09:15:21 +0000. Up 11.97 seconds.
[   12.179335] cloud-init[787]: ci-info: ++++++++++++++++++++++++++++++++++++++Net device info++++++++++++++++++++++++++++++++++++++
[   12.192811] cloud-init[787]: ci-info: +--------+------+----------------------------+---------------+--------+-------------------+
[   12.204699] cloud-init[787]: ci-info: | Device |  Up  |          Address           |      Mask     | Scope  |     Hw-Address    |
[   12.205718] cloud-init[787]: ci-info: +--------+------+----------------------------+---------------+--------+-------------------+
[   12.206386] cloud-init[787]: ci-info: | enp0s3 | True |         10.0.2.15          | 255.255.255.0 | global | 02:cc:50:df:d9:b9 |
[   12.207627] cloud-init[787]: ci-info: | enp0s3 | True | fe80::cc:50ff:fedf:d9b9/64 |       .       |  link  | 02:cc:50:df:d9:b9 |
[   12.208830] cloud-init[787]: ci-info: |   lo   | True |         127.0.0.1          |   255.0.0.0   |  host  |         .         |
[   12.210096] cloud-init[787]: ci-info: |   lo   | True |          ::1/128           |       .       |  host  |         .         |
[   12.211342] cloud-init[787]: ci-info: +--------+------+----------------------------+---------------+--------+-------------------+
[   12.212541] cloud-init[787]: ci-info: ++++++++++++++++++++++++++++Route IPv4 info+++++++++++++++++++++++++++++
[   12.224311] cloud-init[787]: ci-info: +-------+-------------+----------+-----------------+-----------+-------+
[   12.225288] cloud-init[787]: ci-info: | Route | Destination | Gateway  |     Genmask     | Interface | Flags |
[   12.236575] cloud-init[787]: ci-info: +-------+-------------+----------+-----------------+-----------+-------+
[   12.237545] cloud-init[787]: ci-info: |   0   |   0.0.0.0   | 10.0.2.2 |     0.0.0.0     |   enp0s3  |   UG  |
[   12.238427] cloud-init[787]: ci-info: |   1   |   10.0.2.0  | 0.0.0.0  |  255.255.255.0  |   enp0s3  |   U   |
[   12.248130] cloud-init[787]: ci-info: |   2   |   10.0.2.2  | 0.0.0.0  | 255.255.255.255 |   enp0s3  |   UH  |
[   12.249177] cloud-init[787]: ci-info: +-------+-------------+----------+-----------------+-----------+-------+
[   12.250213] cloud-init[787]: ci-info: +++++++++++++++++++Route IPv6 info+++++++++++++++++++
[   12.251119] cloud-init[787]: ci-info: +-------+-------------+---------+-----------+-------+
[   12.252093] cloud-init[787]: ci-info: | Route | Destination | Gateway | Interface | Flags |
[   12.264312] cloud-init[787]: ci-info: +-------+-------------+---------+-----------+-------+
[   12.265108] cloud-init[787]: ci-info: |   1   |  fe80::/64  |    ::   |   enp0s3  |   U   |
[   12.265848] cloud-init[787]: ci-info: |   3   |    local    |    ::   |   enp0s3  |   U   |
[   12.276198] cloud-init[787]: ci-info: |   4   |   ff00::/8  |    ::   |   enp0s3  |   U   |
[   12.288229] cloud-init[787]: ci-info: +-------+-------------+---------+-----------+-------+
[   12.922431] cloud-init[787]: Generating public/private rsa key pair.
[   12.923261] cloud-init[787]: Your identification has been saved in /etc/ssh/ssh_host_rsa_key.
[   12.923918] cloud-init[787]: Your public key has been saved in /etc/ssh/ssh_host_rsa_key.pub.
[   12.924830] cloud-init[787]: The key fingerprint is:
[   12.925225] cloud-init[787]: SHA256:XOZRC/QegbfMQoR6p48SBXBuQfoGk+gWgLNJHFkHvjE root@ubuntu-bionic
[   12.936282] cloud-init[787]: The key's randomart image is:
[   12.936770] cloud-init[787]: +---[RSA 2048]----+
[   12.948449] cloud-init[787]: |+.+oo++  ++.o    |
[   12.949007] cloud-init[787]: |o=...=... o+.o   |
[   12.949527] cloud-init[787]: |.+oE= oo .+++.   |
[   12.950044] cloud-init[787]: |o. .+=..o+oo+.   |
[   12.950546] cloud-init[787]: |  o.  ooSo...    |
[   12.951055] cloud-init[787]: | .   .. .        |
[   12.951578] cloud-init[787]: |       . o       |
[   12.952174] cloud-init[787]: |      . . .      |
[   12.964541] cloud-init[787]: |       .         |
[[0;32m  OK  [0m] Started Initial cloud-init job (metadata service crawler).
[   12.976806] cloud-init[787]: +----[SHA256]-----+
[[0;32m  OK  [0m] Reached target System Initialization.
[   12.988566] cloud-init[787]: Generating public/private dsa key pair.
[   13.016267] cloud-init[787]: Your identification has been saved in /etc/ssh/ssh_host_dsa_key.
[   13.016426] cloud-init[787]: Your public key has been saved in /etc/ssh/ssh_host_dsa_key.pub.
         Starting LXD - unix socket.
[   13.016787] cloud-init[787]: The key fingerprint is:
[[0;32m  OK  [0m[   13.029439] cloud-init[787]: SHA256:Sd0E2bWPLjMR7znqCwkk4JCxB3aa3vTDsHfcLA6KbCU root@ubuntu-bionic
[   13.029651] cloud-init[787]: The key's randomart image is:
[   13.029973] cloud-init[787]: +---[DSA 1024]----+
[   13.030354] cloud-init[787]: |  =oo     .+...  |
[   13.030893] cloud-init[787]: | ..O .   ..o.  . |
[   13.031265] cloud-init[787]: |  + = . o . o .  |
[   13.031644] cloud-init[787]: | . + = = +   o o |
[   13.031973] cloud-init[787]: |  E + * S o . o .|
[   13.032359] cloud-init[787]: | . + o = o . + . |
[   13.032833] cloud-init[787]: |  + .   . o + =  |
[   13.033217] cloud-init[787]: | .         . = . |
[   13.033586] cloud-init[787]: |           .+.   |
[   13.033704] cloud-init[787]: +----[SHA256]-----+
[   13.034067] cloud-init[787]: Generating public/private ecdsa key pair.
[   13.034448] cloud-init[787]: Your identification has been saved in /etc/ssh/ssh_host_ecdsa_key.
[   13.034849] cloud-init[787]: Your public key has been saved in /etc/ssh/ssh_host_ecdsa_key.pub.
[   13.035207] cloud-init[787]: The key fingerprint is:
] Listening on ACPID Listen Socket.
[   13.035369] cloud-init[787]: SHA256:P1wgmD/kXqW/psuje9HQkErrhvgY6XIWMgMOKgJDkZY root@ubuntu-bionic
[   13.035409] cloud-init[787]: The key's randomart image is:
[[   13.039120] [0;32m  OK  [0mcloud-init] [787]: Started Daily Cleanup of Temporary Directories.+---[ECDSA 256]---+

[   13.039196] cloud-init[787]: | .+        .     |
[   13.040547] cloud-init[787]: | E     o. o      |
[[0;32m  OK  [0m] Started Discard unused blocks once a week.
[   13.041092] cloud-init[787]: |o     o.oo.o.    |
[[   13.042204] cloud-init[787]: |=      +o..+.    |
[   13.042320] cloud-init[787]: |=o   o oS oo.    |
[0;32m  OK  [0m] Listening on Open-iSCSI iscsid Socket.
[   13.042682] cloud-init[787]: |+.+ = ..o=.o.    |
[   13.044610] cloud-init[787]: |o  = = .. +..    |
[   13.044675] cloud-init[787]: |  . = .  .o...   |
[   13.045059] cloud-init[787]: |   +    o++=.    |
[   13.045440] cloud-init[787]: +----[SHA256]-----+
[[0;32m  OK  [0m] Started Daily apt download activities.
[   13.045536] cloud-init[787]: Generating public/private ed25519 key pair.
[[0;32m  OK  [0m[   13.047603] cloud-init[787]: Your identification has been saved in /etc/ssh/ssh_host_ed25519_key.
[   13.047815] cloud-init[787]: Your public key has been saved in /etc/ssh/ssh_host_ed25519_key.pub.
[   13.048469] cloud-init[787]: The key fingerprint is:
[   13.048889] cloud-init[787]: SHA256:qLdLwR1VYSbwyC+FUWCOopzdIOJ2toK4DZBEFx1DKoY root@ubuntu-bionic
[   13.049477] cloud-init[787]: The key's randomart image is:
] [   13.049552] Started Daily apt upgrade and clean activities.cloud-init
[787]: +--[ED25519 256]--+
[   13.052464] cloud-init[787]: | . o++. =++.=.   |
[   13.053018] cloud-init[787]: |o . ...= * +     |
[   13.053549] cloud-init[787]: |E+..o . * o      |
[   13.054081] cloud-init[787]: |++.= = o +       |
[   13.054611] cloud-init[787]: |oo+o. = S .      |
         [   13.058054] cloud-init[787]: |= o .. . .       |
[   13.058134] cloud-init[787]: |+. .. o          |
[   13.058515] cloud-init[787]: | +.  o .         |
[   13.059030] cloud-init[787]: |. .   o.         |
[   13.059387] cloud-init[787]: +----[SHA256]-----+
Starting Socket activation for snappy daemon.
[[0;32m  OK  [0m] Listening on UUID daemon activation socket.
[[0;32m  OK  [0m] Started Message of the Day.
[[0;32m  OK  [0m] Reached target Timers.
[[0;32m  OK  [0m] Started ACPI Events Check.
[[0;32m  OK  [0m] Reached target Paths.
[[0;32m  OK  [0m] Listening on D-Bus System Message Bus Socket.
[[0;32m  OK  [0m] Reached target Cloud-config availability.
[[0;32m  OK  [0m] Reached target Network is Online.
[[0;32m  OK  [0m] Reached target Remote File Systems (Pre).
[[0;32m  OK  [0m] Reached target Remote File Systems.
         Starting Availability of block devices...
[[0;32m  OK  [0m] Listening on LXD - unix socket.
[[0;32m  OK  [0m] Listening on Socket activation for snappy daemon.
[[0;32m  OK  [0m] Reached target Sockets.
[[0;32m  OK  [0m] Reached target Basic System.
         Starting Virtualbox guest utils...
[[0;32m  OK  [0m] Started FUSE filesystem for LXC.
[[0;32m  OK  [0m] Started irqbalance daemon.
         Starting Dispatcher daemon for systemd-networkd...
[[0;32m  OK  [0m] Started D-Bus System Message Bus.
         Starting Snappy daemon...
         Starting LSB: automatic crash report generation...
[[0;32m  OK  [0m] Started Deferred execution scheduler.
         Starting Permit User Sessions...
         Starting Pollinate to seed the pseudo random number generator...
         Starting Login Service...
         Starting LSB: Record successful boot for GRUB...
         Starting Accounts Service...
         Starting System Logging Service...
[[0;32m  OK  [0m] Started Regular background program processing daemon.
         Starting LXD - container startup/shutdown...
[[0;32m  OK  [0m] Started System Logging Service.
[[0;32m  OK  [0m] Started Availability of block devices.
[[0;32m  OK  [0m] Started Permit User Sessions.
         Starting Terminate Plymouth Boot Screen...
         Starting Hold until boot process finishes up...
[[0;32m  OK  [0m] Started Hold until boot process finishes up.
[[0;32m  OK  [0m] Started Terminate Plymouth Boot Screen.
         Starting Set console scheme...
[[0;32m  OK  [0m] Started Serial Getty on ttyS0.
[[0;32m  OK  [0m] Started Login Service.
[[0;32m  OK  [0m] Started Unattended Upgrades Shutdown.
[[0;32m  OK  [0m] Started Set console scheme.
[[0;32m  OK  [0m] Created slice system-getty.slice.
[[0;32m  OK  [0m] Started Getty on tty1.
[[0;32m  OK  [0m] Reached target Login Prompts.
[[0;32m  OK  [0m] Started Dispatcher daemon for systemd-networkd.
[[0;32m  OK  [0m] Started LSB: automatic crash report generation.
[[0;32m  OK  [0m] Started LSB: Record successful boot for GRUB.
[[0;32m  OK  [0m] Started Virtualbox guest utils.
         Starting Authorization Manager...
[[0;32m  OK  [0m] Started LXD - container startup/shutdown.
[[0;32m  OK  [0m] Started Authorization Manager.
[[0;32m  OK  [0m] Started Accounts Service.
[[0;32m  OK  [0m] Started Snappy daemon.
         Starting Wait until snapd is fully seeded...
[[0;32m  OK  [0m] Started Pollinate to seed the pseudo random number generator.
         Starting OpenBSD Secure Shell server...
[[0;32m  OK  [0m] Started OpenBSD Secure Shell server.
[[0;32m  OK  [0m] Created slice User Slice of vagrant.
         Starting User Manager for UID 1000...
[[0;32m  OK  [0m] Started Session 1 of user vagrant.
[[0;32m  OK  [0m] Started User Manager for UID 1000.
[[0;32m  OK  [0m] Started Wait until snapd is fully seeded.
[[0;32m  OK  [0m] Reached target Multi-User System.
[[0;32m  OK  [0m] Reached target Graphical Interface.
         Starting Update UTMP about System Runlevel Changes...
         Starting Apply the settings specified in cloud-config...
[[0;32m  OK  [0m] Started Update UTMP about System Runlevel Changes.
[   17.420693] cloud-init[1510]: Cloud-init v. 19.1-1-gbaa47854-0ubuntu1~18.04.1 running 'modules:config' at Thu, 03 Oct 2019 09:15:26 +0000. Up 17.03 seconds.
[[0;32m  OK  [0m] Started Apply the settings specified in cloud-config.
         Starting Execute cloud user/final scripts...
ci-info: no authorized ssh keys fingerprints found for user ubuntu.
<14>Oct  3 09:15:27 ec2: 
<14>Oct  3 09:15:27 ec2: #############################################################
<14>Oct  3 09:15:27 ec2: -----BEGIN SSH HOST KEY FINGERPRINTS-----
<14>Oct  3 09:15:27 ec2: 1024 SHA256:Sd0E2bWPLjMR7znqCwkk4JCxB3aa3vTDsHfcLA6KbCU root@ubuntu-bionic (DSA)
<14>Oct  3 09:15:27 ec2: 256 SHA256:P1wgmD/kXqW/psuje9HQkErrhvgY6XIWMgMOKgJDkZY root@ubuntu-bionic (ECDSA)
<14>Oct  3 09:15:27 ec2: 256 SHA256:qLdLwR1VYSbwyC+FUWCOopzdIOJ2toK4DZBEFx1DKoY root@ubuntu-bionic (ED25519)
<14>Oct  3 09:15:27 ec2: 2048 SHA256:XOZRC/QegbfMQoR6p48SBXBuQfoGk+gWgLNJHFkHvjE root@ubuntu-bionic (RSA)
<14>Oct  3 09:15:27 ec2: -----END SSH HOST KEY FINGERPRINTS-----
<14>Oct  3 09:15:27 ec2: #############################################################
-----BEGIN SSH HOST KEY KEYS-----
ecdsa-sha2-nistp256 AAAAE2VjZHNhLXNoYTItbmlzdHAyNTYAAAAIbmlzdHAyNTYAAABBBOGFw//XrVgVs5iwewOPAvhwiilXAQK39cB8ywKyZiyvwUg0/xz50FSHNcKzoGphQKXGJD8PlzTjMrmQwdA9jds= root@ubuntu-bionic
ssh-ed25519 AAAAC3NzaC1lZDI1NTE5AAAAILtI1tBdmf6YltLvMFZzP/TB3U6J5UkQQtMVJlKjBJ3s root@ubuntu-bionic
ssh-rsa AAAAB3NzaC1yc2EAAAADAQABAAABAQDvNUtEfV/WRfwSRL5UbrvOP2plM7X/o0BemaFqut3J0RTp9yQNXE83WiUe5LDldBUlQ7jfU0z3ZYCW8H6gufur4GlaVNjSfie7Lza/QCZqIMh4D1gFmhlGoNyMP37KoMdEtxiZ89KuxFw6VvXEb13/cVbn2F/BxTAHHyJwwydW+jYJJZLVb+B7W1MhnNZg5hMv8TdJdI2ZUxsFSnhEBaK45FSFkl/ZvakGAuUoVeMe/Q7MOkhQTGuRn0Bzm/9cpO7RjnUK8r90CNynPsFtdzrdSx6A2yz0g3JSMY4YUbFuwQk6kybw/JTkJyavMNXD6g5InuerlJXtRI1fBIvqOPsd root@ubuntu-bionic
-----END SSH HOST KEY KEYS-----
[   18.050875] cloud-init[1647]: Cloud-init v. 19.1-1-gbaa47854-0ubuntu1~18.04.1 running 'modules:final' at Thu, 03 Oct 2019 09:15:27 +0000. Up 17.89 seconds.
[   18.051791] cloud-init[1647]: ci-info: no authorized ssh keys fingerprints found for user ubuntu.
[   18.064589] cloud-init[1647]: Cloud-init v. 19.1-1-gbaa47854-0ubuntu1~18.04.1 finished at Thu, 03 Oct 2019 09:15:27 +0000. Datasource DataSourceNoCloud [seed=/dev/sdb][dsmode=net].  Up 18.04 seconds
[[0;32m  OK  [0m] Started Execute cloud user/final scripts.
[[0;32m  OK  [0m] Reached target Cloud-init target.

Ubuntu 18.04.3 LTS ubuntu-bionic ttyS0

ubuntu-bionic login: 